2025-11-09 12:10:51,452 - __main__ - WARNING - Không tìm thấy mô hình nào. Vui lòng chạy train_model.py để huấn luyện mô hình.
2025-11-09 12:10:51,453 - __main__ - INFO - ==================================================
2025-11-09 12:10:51,453 - __main__ - INFO - Khởi động ứng dụng Cat/Dog Classifier
2025-11-09 12:10:51,453 - __main__ - INFO - ==================================================
2025-11-09 12:10:51,453 - __main__ - WARNING - ⚠ Mô hình chưa được tải
2025-11-09 12:10:51,453 - __main__ - WARNING - ⚠ Ứng dụng sẽ chạy nhưng không thể dự đoán cho đến khi mô hình được tải
2025-11-09 12:10:51,453 - __main__ - INFO - Truy cập http://localhost:5000 để sử dụng
2025-11-09 12:10:51,453 - __main__ - INFO - ==================================================
2025-11-09 12:11:58,080 - __main__ - WARNING - Không tìm thấy mô hình nào. Vui lòng chạy train_model.py để huấn luyện mô hình.
2025-11-09 12:11:58,082 - __main__ - INFO - ==================================================
2025-11-09 12:11:58,082 - __main__ - INFO - Khởi động ứng dụng Cat/Dog Classifier
2025-11-09 12:11:58,082 - __main__ - INFO - ==================================================
2025-11-09 12:11:58,083 - __main__ - WARNING - ⚠ Mô hình chưa được tải
2025-11-09 12:11:58,083 - __main__ - WARNING - ⚠ Ứng dụng sẽ chạy nhưng không thể dự đoán cho đến khi mô hình được tải
2025-11-09 12:11:58,083 - __main__ - INFO - Truy cập http://localhost:5000 để sử dụng
2025-11-09 12:11:58,083 - __main__ - INFO - ==================================================
2025-11-09 13:19:48,161 - __main__ - INFO - Đang tải mô hình từ models/cat_dog_model.h5...
2025-11-09 13:19:48,428 - absl - WARNING - At this time, the v2.11+ optimizer `tf.keras.optimizers.RMSprop` runs slowly on M1/M2 Macs, please use the legacy Keras optimizer instead, located at `tf.keras.optimizers.legacy.RMSprop`.
2025-11-09 13:19:48,435 - __main__ - INFO - Mô hình đã được tải thành công từ models/cat_dog_model.h5!
2025-11-09 13:19:48,436 - __main__ - INFO - ==================================================
2025-11-09 13:19:48,436 - __main__ - INFO - Khởi động ứng dụng Cat/Dog Classifier
2025-11-09 13:19:48,436 - __main__ - INFO - ==================================================
2025-11-09 13:19:48,436 - __main__ - INFO - ✓ Mô hình đã sẵn sàng
2025-11-09 13:19:48,436 - __main__ - INFO - Truy cập http://localhost:5000 để sử dụng
2025-11-09 13:19:48,436 - __main__ - INFO - ==================================================
2025-11-09 15:29:42,002 - __main__ - INFO - Đang tải mô hình từ models/cat_dog_model.h5...
2025-11-09 15:29:42,218 - absl - WARNING - At this time, the v2.11+ optimizer `tf.keras.optimizers.RMSprop` runs slowly on M1/M2 Macs, please use the legacy Keras optimizer instead, located at `tf.keras.optimizers.legacy.RMSprop`.
2025-11-09 15:29:42,223 - __main__ - INFO - Mô hình đã được tải thành công từ models/cat_dog_model.h5!
2025-11-09 15:29:42,224 - __main__ - INFO - ==================================================
2025-11-09 15:29:42,224 - __main__ - INFO - Khởi động ứng dụng Cat/Dog Classifier
2025-11-09 15:29:42,224 - __main__ - INFO - ==================================================
2025-11-09 15:29:42,224 - __main__ - INFO - ✓ Mô hình đã sẵn sàng
2025-11-09 15:29:42,224 - __main__ - INFO - Truy cập http://localhost:5000 để sử dụng
2025-11-09 15:29:42,224 - __main__ - INFO - ==================================================
2025-11-11 12:28:02,467 - __main__ - INFO - Đang tải mô hình từ models/cat_dog_model.h5...
2025-11-11 12:28:02,707 - absl - WARNING - At this time, the v2.11+ optimizer `tf.keras.optimizers.RMSprop` runs slowly on M1/M2 Macs, please use the legacy Keras optimizer instead, located at `tf.keras.optimizers.legacy.RMSprop`.
2025-11-11 12:28:02,712 - __main__ - INFO - Mô hình đã được tải thành công từ models/cat_dog_model.h5!
2025-11-11 12:28:02,712 - __main__ - INFO - ==================================================
2025-11-11 12:28:02,712 - __main__ - INFO - Khởi động ứng dụng Cat/Dog Classifier
2025-11-11 12:28:02,712 - __main__ - INFO - ==================================================
2025-11-11 12:28:02,712 - __main__ - INFO - ✓ Mô hình đã sẵn sàng
2025-11-11 12:28:02,713 - __main__ - INFO - Truy cập http://localhost:5000 để sử dụng
2025-11-11 12:28:02,713 - __main__ - INFO - ==================================================
2025-11-11 13:33:12,387 - __main__ - INFO - Đang tải mô hình từ models/cat_dog_model.h5...
2025-11-11 13:33:12,795 - absl - WARNING - At this time, the v2.11+ optimizer `tf.keras.optimizers.RMSprop` runs slowly on M1/M2 Macs, please use the legacy Keras optimizer instead, located at `tf.keras.optimizers.legacy.RMSprop`.
2025-11-11 13:33:12,801 - __main__ - INFO - Mô hình đã được tải thành công từ models/cat_dog_model.h5!
2025-11-11 13:33:12,802 - __main__ - INFO - ==================================================
2025-11-11 13:33:12,802 - __main__ - INFO - Khởi động ứng dụng Cat/Dog Classifier
2025-11-11 13:33:12,802 - __main__ - INFO - ==================================================
2025-11-11 13:33:12,802 - __main__ - INFO - ✓ Mô hình đã sẵn sàng
2025-11-11 13:33:12,803 - __main__ - INFO - Truy cập http://localhost:5000 để sử dụng
2025-11-11 13:33:12,803 - __main__ - INFO - ==================================================
2025-11-12 20:17:56,763 - __main__ - INFO - Đang tải mô hình từ models/cat_dog_model.h5...
2025-11-12 20:17:56,970 - absl - WARNING - At this time, the v2.11+ optimizer `tf.keras.optimizers.RMSprop` runs slowly on M1/M2 Macs, please use the legacy Keras optimizer instead, located at `tf.keras.optimizers.legacy.RMSprop`.
2025-11-12 20:17:56,977 - __main__ - INFO - Mô hình đã được tải thành công từ models/cat_dog_model.h5!
2025-11-12 20:17:56,978 - __main__ - INFO - ==================================================
2025-11-12 20:17:56,978 - __main__ - INFO - Khởi động ứng dụng Cat/Dog Classifier
2025-11-12 20:17:56,978 - __main__ - INFO - ==================================================
2025-11-12 20:17:56,978 - __main__ - INFO - ✓ Mô hình đã sẵn sàng
2025-11-12 20:17:56,978 - __main__ - INFO - Truy cập http://localhost:5000 để sử dụng
2025-11-12 20:17:56,978 - __main__ - INFO - ==================================================
2025-11-12 20:20:41,591 - __main__ - INFO - Đang tải mô hình từ models/cat_dog_model.h5...
2025-11-12 20:20:41,831 - absl - WARNING - At this time, the v2.11+ optimizer `tf.keras.optimizers.RMSprop` runs slowly on M1/M2 Macs, please use the legacy Keras optimizer instead, located at `tf.keras.optimizers.legacy.RMSprop`.
2025-11-12 20:20:41,844 - __main__ - INFO - Mô hình đã được tải thành công từ models/cat_dog_model.h5!
2025-11-12 20:20:41,845 - __main__ - INFO - ==================================================
2025-11-12 20:20:41,845 - __main__ - INFO - Khởi động ứng dụng Cat/Dog Classifier
2025-11-12 20:20:41,845 - __main__ - INFO - ==================================================
2025-11-12 20:20:41,845 - __main__ - INFO - ✓ Mô hình đã sẵn sàng
2025-11-12 20:20:41,845 - __main__ - INFO - Truy cập http://localhost:5050 để sử dụng
2025-11-12 20:20:41,845 - __main__ - INFO - ==================================================
2025-11-12 20:20:41,933 - werkzeug - INFO - [31m[1mWARNING: This is a development server. Do not use it in a production deployment. Use a production WSGI server instead.[0m
 * Running on all addresses (0.0.0.0)
 * Running on http://127.0.0.1:5050
 * Running on http://192.168.1.5:5050
2025-11-12 20:20:41,933 - werkzeug - INFO - [33mPress CTRL+C to quit[0m
2025-11-12 20:20:41,934 - werkzeug - INFO -  * Restarting with stat
2025-11-12 20:20:46,094 - __main__ - INFO - Đang tải mô hình từ models/cat_dog_model.h5...
2025-11-12 20:20:46,283 - absl - WARNING - At this time, the v2.11+ optimizer `tf.keras.optimizers.RMSprop` runs slowly on M1/M2 Macs, please use the legacy Keras optimizer instead, located at `tf.keras.optimizers.legacy.RMSprop`.
2025-11-12 20:20:46,290 - __main__ - INFO - Mô hình đã được tải thành công từ models/cat_dog_model.h5!
2025-11-12 20:20:46,291 - __main__ - INFO - ==================================================
2025-11-12 20:20:46,291 - __main__ - INFO - Khởi động ứng dụng Cat/Dog Classifier
2025-11-12 20:20:46,291 - __main__ - INFO - ==================================================
2025-11-12 20:20:46,291 - __main__ - INFO - ✓ Mô hình đã sẵn sàng
2025-11-12 20:20:46,291 - __main__ - INFO - Truy cập http://localhost:5050 để sử dụng
2025-11-12 20:20:46,291 - __main__ - INFO - ==================================================
2025-11-12 20:20:46,313 - werkzeug - WARNING -  * Debugger is active!
2025-11-12 20:20:46,334 - werkzeug - INFO -  * Debugger PIN: 941-651-975
2025-11-12 20:23:19,603 - werkzeug - INFO - 127.0.0.1 - - [12/Nov/2025 20:23:19] "GET / HTTP/1.1" 200 -
2025-11-12 20:23:20,937 - werkzeug - INFO - 127.0.0.1 - - [12/Nov/2025 20:23:20] "GET /health HTTP/1.1" 200 -
2025-11-12 20:23:20,941 - werkzeug - INFO - 127.0.0.1 - - [12/Nov/2025 20:23:20] "[33mGET /favicon.ico HTTP/1.1[0m" 404 -
2025-11-12 20:24:08,897 - __main__ - INFO - Prediction: Dog với confidence 73.85%
2025-11-12 20:24:08,898 - werkzeug - INFO - 127.0.0.1 - - [12/Nov/2025 20:24:08] "POST /predict HTTP/1.1" 200 -
2025-11-12 20:24:18,678 - __main__ - INFO - Prediction: Dog với confidence 73.85%
2025-11-12 20:24:18,679 - werkzeug - INFO - 127.0.0.1 - - [12/Nov/2025 20:24:18] "POST /predict HTTP/1.1" 200 -
2025-11-12 20:24:25,471 - __main__ - INFO - Prediction: Cat với confidence 88.13%
2025-11-12 20:24:25,472 - werkzeug - INFO - 127.0.0.1 - - [12/Nov/2025 20:24:25] "POST /predict HTTP/1.1" 200 -
2025-11-12 20:24:32,710 - __main__ - INFO - Prediction: Cat với confidence 81.82%
2025-11-12 20:24:32,710 - werkzeug - INFO - 127.0.0.1 - - [12/Nov/2025 20:24:32] "POST /predict HTTP/1.1" 200 -
2025-11-12 20:24:37,862 - __main__ - INFO - Prediction: Cat với confidence 94.18%
2025-11-12 20:24:37,863 - werkzeug - INFO - 127.0.0.1 - - [12/Nov/2025 20:24:37] "POST /predict HTTP/1.1" 200 -
2025-11-12 20:25:09,711 - __main__ - INFO - Prediction: Dog với confidence 56.59%
2025-11-12 20:25:09,711 - werkzeug - INFO - 127.0.0.1 - - [12/Nov/2025 20:25:09] "POST /predict HTTP/1.1" 200 -
2025-11-12 20:25:15,092 - __main__ - INFO - Prediction: Cat với confidence 69.96%
2025-11-12 20:25:15,092 - werkzeug - INFO - 127.0.0.1 - - [12/Nov/2025 20:25:15] "POST /predict HTTP/1.1" 200 -
2025-11-12 20:25:19,834 - __main__ - INFO - Prediction: Cat với confidence 85.98%
2025-11-12 20:25:19,835 - werkzeug - INFO - 127.0.0.1 - - [12/Nov/2025 20:25:19] "POST /predict HTTP/1.1" 200 -
2025-11-12 20:25:28,533 - __main__ - INFO - Prediction: Dog với confidence 60.46%
2025-11-12 20:25:28,533 - werkzeug - INFO - 127.0.0.1 - - [12/Nov/2025 20:25:28] "POST /predict HTTP/1.1" 200 -
2025-11-12 20:25:33,325 - __main__ - INFO - Prediction: Dog với confidence 96.49%
2025-11-12 20:25:33,326 - werkzeug - INFO - 127.0.0.1 - - [12/Nov/2025 20:25:33] "POST /predict HTTP/1.1" 200 -
2025-11-12 20:25:37,248 - __main__ - INFO - Prediction: Cat với confidence 79.46%
2025-11-12 20:25:37,249 - werkzeug - INFO - 127.0.0.1 - - [12/Nov/2025 20:25:37] "POST /predict HTTP/1.1" 200 -
2025-11-12 20:25:41,880 - __main__ - INFO - Prediction: Dog với confidence 98.74%
2025-11-12 20:25:41,881 - werkzeug - INFO - 127.0.0.1 - - [12/Nov/2025 20:25:41] "POST /predict HTTP/1.1" 200 -
2025-11-12 20:30:04,608 - __main__ - INFO - Prediction: Cat với confidence 92.21%
2025-11-12 20:30:04,609 - werkzeug - INFO - 127.0.0.1 - - [12/Nov/2025 20:30:04] "POST /predict HTTP/1.1" 200 -
2025-11-12 20:30:39,752 - __main__ - INFO - Prediction: Cat với confidence 65.57%
2025-11-12 20:30:39,754 - werkzeug - INFO - 127.0.0.1 - - [12/Nov/2025 20:30:39] "POST /predict HTTP/1.1" 200 -
2025-11-12 20:31:11,454 - __main__ - INFO - Prediction: Cat với confidence 99.47%
2025-11-12 20:31:11,455 - werkzeug - INFO - 127.0.0.1 - - [12/Nov/2025 20:31:11] "POST /predict HTTP/1.1" 200 -
2025-11-12 20:31:40,266 - __main__ - INFO - Prediction: Dog với confidence 60.46%
2025-11-12 20:31:40,268 - werkzeug - INFO - 127.0.0.1 - - [12/Nov/2025 20:31:40] "POST /predict HTTP/1.1" 200 -
2025-11-12 20:31:56,039 - __main__ - INFO - Prediction: Dog với confidence 72.89%
2025-11-12 20:31:56,041 - werkzeug - INFO - 127.0.0.1 - - [12/Nov/2025 20:31:56] "POST /predict HTTP/1.1" 200 -
2025-11-12 20:32:15,259 - __main__ - INFO - Prediction: Dog với confidence 99.05%
2025-11-12 20:32:15,259 - werkzeug - INFO - 127.0.0.1 - - [12/Nov/2025 20:32:15] "POST /predict HTTP/1.1" 200 -
