2025-09-18 14:22:21,525 - INFO - 🚀 Hệ thống Hỗ trợ Ra quyết định Tuyển dụng đã được khởi tạo
2025-09-18 14:22:21,526 - INFO - 🧠 Bắt đầu huấn luyện mô hình...
2025-09-18 14:22:21,526 - INFO - 📦 Tạo dữ liệu mẫu...
2025-09-18 14:22:21,526 - INFO - 🎲 Tạo dữ liệu mẫu với 1000 mẫu...
2025-09-18 14:22:21,564 - INFO - ✓ Dữ liệu mẫu đã lưu tại data/sample_candidates.csv
2025-09-18 14:22:21,564 - INFO - 🔧 Trích xuất đặc trưng từ dữ liệu...
2025-09-18 14:22:21,564 - INFO - 📊 Đang trích xuất đặc trưng từ dữ liệu ứng viên...
2025-09-18 14:22:21,854 - INFO - ✓ Trích xuất đặc trưng hoàn tất
2025-09-18 14:22:21,854 - INFO - 📝 Xử lý đặc trưng văn bản...
2025-09-18 14:22:21,862 - INFO - 📏 Chuẩn hóa đặc trưng số...
2025-09-18 14:22:21,864 - INFO - 📊 Tổng số mẫu: 1000
2025-09-18 14:22:21,864 - INFO - 🎯 Số đặc trưng: 46
2025-09-18 14:22:21,864 - INFO - ⚖️ Phân phối nhãn - Phù hợp: 706, Chưa phù hợp: 294
2025-09-18 14:22:21,865 - INFO - 🔨 Dữ liệu huấn luyện: 800 mẫu
2025-09-18 14:22:21,865 - INFO - 🔍 Dữ liệu kiểm thử: 200 mẫu
2025-09-18 14:22:21,865 - INFO - 🌲 Bắt đầu huấn luyện mô hình Random Forest...
2025-09-18 14:22:21,965 - INFO - 📈 Đánh giá hiệu suất mô hình...
2025-09-18 14:22:21,970 - INFO - 🎉 Huấn luyện mô hình hoàn tất!
2025-09-18 14:22:21,970 - INFO - 🏆 Độ chính xác: 0.945
2025-09-18 14:22:21,973 - INFO - 📋 Báo cáo phân loại:
              precision    recall  f1-score   support

           0       1.00      0.81      0.90        59
           1       0.93      1.00      0.96       141

    accuracy                           0.94       200
   macro avg       0.96      0.91      0.93       200
weighted avg       0.95      0.94      0.94       200

2025-09-18 14:22:21,973 - INFO - 💾 Lưu mô hình...
2025-09-18 14:22:21,977 - INFO - ✅ Mô hình đã lưu thành công
2025-09-18 14:22:22,025 - INFO - [31m[1mWARNING: This is a development server. Do not use it in a production deployment. Use a production WSGI server instead.[0m
 * Running on http://127.0.0.1:5000
2025-09-18 14:22:22,025 - INFO - [33mPress CTRL+C to quit[0m
2025-09-18 14:22:22,026 - INFO -  * Restarting with stat
2025-09-18 14:22:23,609 - INFO - 📂 Đang tải mô hình từ file...
2025-09-18 14:22:23,612 - INFO - ✅ Tải mô hình thành công!
2025-09-18 14:22:23,612 - INFO - 🚀 Hệ thống Hỗ trợ Ra quyết định Tuyển dụng đã được khởi tạo
2025-09-18 14:22:23,648 - WARNING -  * Debugger is active!
2025-09-18 14:22:23,679 - INFO -  * Debugger PIN: 941-651-975
2025-09-18 14:22:42,679 - INFO - 📂 Đang tải mô hình từ file...
2025-09-18 14:22:42,685 - INFO - ✅ Tải mô hình thành công!
2025-09-18 14:22:42,685 - INFO - 🚀 Hệ thống Hỗ trợ Ra quyết định Tuyển dụng đã được khởi tạo
2025-10-09 19:07:53,878 - INFO - 📂 Đang tải mô hình từ file...
2025-10-09 19:07:53,884 - INFO - ✅ Tải mô hình thành công!
2025-10-09 19:07:53,884 - INFO - 🚀 Hệ thống Hỗ trợ Ra quyết định Tuyển dụng đã được khởi tạo
2025-10-09 19:07:53,928 - INFO - [31m[1mWARNING: This is a development server. Do not use it in a production deployment. Use a production WSGI server instead.[0m
 * Running on http://127.0.0.1:5000
2025-10-09 19:07:53,928 - INFO - [33mPress CTRL+C to quit[0m
2025-10-09 19:07:53,929 - INFO -  * Restarting with stat
2025-10-09 19:07:54,971 - INFO - 📂 Đang tải mô hình từ file...
2025-10-09 19:07:54,972 - INFO - ✅ Tải mô hình thành công!
2025-10-09 19:07:54,973 - INFO - 🚀 Hệ thống Hỗ trợ Ra quyết định Tuyển dụng đã được khởi tạo
2025-10-09 19:07:54,996 - WARNING -  * Debugger is active!
2025-10-09 19:07:55,018 - INFO -  * Debugger PIN: 941-651-975
2025-10-09 19:10:47,910 - INFO -  * Detected change in '/Users/trantanphat/Documents/Python/DSS/DSS:RP:PJ/DoAnDSS/testHR-main/app.py', reloading
2025-10-09 19:10:48,149 - INFO -  * Restarting with stat
2025-10-09 19:10:50,090 - INFO - 📂 Đang tải mô hình từ file...
2025-10-09 19:10:50,095 - INFO - ✅ Tải mô hình thành công!
2025-10-09 19:10:50,095 - INFO - 🚀 Hệ thống Hỗ trợ Ra quyết định Tuyển dụng đã được khởi tạo
2025-10-09 19:10:50,114 - WARNING -  * Debugger is active!
2025-10-09 19:10:50,121 - INFO -  * Debugger PIN: 941-651-975
2025-10-09 19:11:02,944 - INFO - 📂 Đang tải mô hình từ file...
2025-10-09 19:11:02,950 - INFO - ✅ Tải mô hình thành công!
2025-10-09 19:11:02,950 - INFO - 🚀 Hệ thống Hỗ trợ Ra quyết định Tuyển dụng đã được khởi tạo
2025-10-09 19:11:20,526 - INFO - 📂 Đang tải mô hình từ file...
2025-10-09 19:11:20,532 - INFO - ✅ Tải mô hình thành công!
2025-10-09 19:11:20,532 - INFO - 🚀 Hệ thống Hỗ trợ Ra quyết định Tuyển dụng đã được khởi tạo
2025-10-09 19:11:20,557 - INFO - [31m[1mWARNING: This is a development server. Do not use it in a production deployment. Use a production WSGI server instead.[0m
 * Running on http://127.0.0.1:5000
2025-10-09 19:11:20,558 - INFO - [33mPress CTRL+C to quit[0m
2025-10-09 19:11:20,558 - INFO -  * Restarting with stat
2025-10-09 19:11:21,523 - INFO - 📂 Đang tải mô hình từ file...
2025-10-09 19:11:21,525 - INFO - ✅ Tải mô hình thành công!
2025-10-09 19:11:21,525 - INFO - 🚀 Hệ thống Hỗ trợ Ra quyết định Tuyển dụng đã được khởi tạo
2025-10-09 19:11:21,544 - WARNING -  * Debugger is active!
2025-10-09 19:11:21,553 - INFO -  * Debugger PIN: 941-651-975
